MA_ILI9341.c:66:6:ILI9341_SendCommand	0	static
MA_ILI9341.c:72:6:ILI9341_SendData	0	static
MA_ILI9341.c:77:6:ILI9341_SetCursorPosition	12	static
MA_ILI9341.c:93:6:ILI9341_Init	16	static
MA_ILI9341.c:164:6:ILI9341_DrawPixel	8	static
MA_ILI9341.c:170:6:ILI9341_Fill	8	static
MA_ILI9341.c:189:6:ILI9341_Fill_Rect	16	static
MA_ILI9341.c:201:6:ILI9341_drawCircle	56	static
MA_ILI9341.c:234:6:drawCircleHelper	72	static
MA_ILI9341.c:305:6:ILI9341_drawLine	48	static
MA_ILI9341.c:345:6:ILI9341_drawFastHLine	16	static
MA_ILI9341.c:350:6:ILI9341_drawFastVLine	16	static
MA_ILI9341.c:270:6:fillCircleHelper	72	static
MA_ILI9341.c:298:6:ILI9341_fillCircle	32	static
MA_ILI9341.c:355:6:ILI9341_drawTriangle	40	static
MA_ILI9341.c:361:6:ILI9341_fillTriangle	72	static
MA_ILI9341.c:431:6:ILI9341_drawChar	88	static
MA_ILI9341.c:465:6:ILI9341_printText	48	static
MA_ILI9341.c:476:6:ILI9341_printImage	16	static
MA_ILI9341.c:487:6:ILI9341_setRotation	0	static
MA_ILI9341.c:520:6:drawgridline	16	static
MA_ILI9341.c:530:6:drawmic	8	static
MA_ILI9341.c:548:6:getinput	4	static
MA_ILI9341.c:558:6:loc_cor	40	static
MA_ILI9341.c:588:6:printlocation	24	static
MA_ILI9341.c:606:6:printgrid	24	static
